// Jest Snapshot v1, https://goo.gl/fbAQLP

exports[`withRenderCount(BaseComponent): NewComponent NewComponent has the extended statics of BaseComponent 1`] = `
Object {
  "defaultProps": Object {
    "initialCount": 1,
  },
  "displayName": "withRenderCount(BaseComponent)",
  "propTypes": Object {
    "foo": [Function],
    "initialCount": [Function],
    "onRerender": [Function],
  },
}
`;

exports[`withRenderCount(BaseComponent): NewComponent modifies props should transfer initialCount as initial value of prop count 1`] = `
<div
  name="props-displayer"
>
  <input-props
    initialCount={2}
  />
  <output-props
    count={2}
  />
</div>
`;
